##################################
######## aamk_prd_POD38 ##########
##################################
#Infrastructure
aamk_prd_POD38$Application Infrastructure Performance|ECOM_aamk_prd|Individual Nodes|*|JVM|Process CPU Burnt (ms/min)
aamk_prd_POD38$Application Infrastructure Performance|ECOM_aamk_prd|Individual Nodes|*|JVM|Threads|Current No. of Threads
aamk_prd_POD38$Application Infrastructure Performance|ECOM_aamk_prd|Individual Nodes|*|JVM|Memory|Heap|Used %
aamk_prd_POD38$Application Infrastructure Performance|ECOM_aamk_prd|Individual Nodes|*|JVM|Memory|Non-Heap|Used %

aamk_prd_POD38$Application Infrastructure Performance|ECOM_aamk_prd|JMX|Web Container Runtime|*|Busy Threads
aamk_prd_POD38$Application Infrastructure Performance|ECOM_aamk_prd|JMX|Web Container Runtime|*|Request Count

aamk_prd_POD38$Application Infrastructure Performance|ECOM_aamk_prd|JVM|Classes|Current Loaded Class Count
aamk_prd_POD38$Application Infrastructure Performance|ECOM_aamk_prd|JVM|Garbage Collection|GC Time Spent Per Min (ms)
aamk_prd_POD38$Application Infrastructure Performance|ECOM_aamk_prd|JVM|Garbage Collection|Memory Pools|CMS Old Gen|Current Usage (MB)
aamk_prd_POD38$Application Infrastructure Performance|ECOM_aamk_prd|JVM|Garbage Collection|Memory Pools|Metaspace|Current Usage (MB)
aamk_prd_POD38$Application Infrastructure Performance|ECOM_aamk_prd|JVM|Memory|Heap|Current Usage (MB)
aamk_prd_POD38$Application Infrastructure Performance|ECOM_aamk_prd|JVM|Memory|Non-Heap|Current Usage (MB)
aamk_prd_POD38$Application Infrastructure Performance|ECOM_aamk_prd|JVM|Threads|Current No. of Threads
aamk_prd_POD38$Application Infrastructure Performance|ECOM_aamk_prd|JVM|Process CPU Usage %

#Backends
aamk_prd_POD38$Backends|Discovered backend call - SVC_AAMK1-Oracle DB-CRS06-Oracle Database 11g Enterprise Edition Release 11.2.0.3.0 - 64bit Producti|Average Response Time (ms)
aamk_prd_POD38$Backends|Discovered backend call - SVC_AAMK2-Oracle DB-CRS06-Oracle Database 11g Enterprise Edition Release 11.2.0.3.0 - 64bit Producti|Average Response Time (ms)

#Business Transaction
aamk_prd_POD38$Business Transaction Performance|Business Transactions|ECOM_aamk_prd|*|Average Response Time (ms)
aamk_prd_POD38$Business Transaction Performance|Business Transactions|ECOM_aamk_prd|*|Calls per Minute

#Overall Application Performance
aamk_prd_POD38$Overall Application Performance|Average Response Time (ms)
aamk_prd_POD38$Overall Application Performance|Calls per Minute
aamk_prd_POD38$Overall Application Performance|Errors per Minute

aamk_prd_POD38$Overall Application Performance|ECOM_aamk_prd|Individual Nodes|*|Average Response Time (ms)
aamk_prd_POD38$Overall Application Performance|ECOM_aamk_prd|Individual Nodes|*|Errors per Minute
aamk_prd_POD38$Overall Application Performance|ECOM_aamk_prd|Individual Nodes|*|Calls per Minute


##################################
######## aarb_prd_POD27 ##########
##################################
#Infrastructure
aarb_prd_POD27$Application Infrastructure Performance|ECOM_aarb_prd|Individual Nodes|*|JVM|Process CPU Burnt (ms/min)
aarb_prd_POD27$Application Infrastructure Performance|ECOM_aarb_prd|Individual Nodes|*|JVM|Threads|Current No. of Threads
aarb_prd_POD27$Application Infrastructure Performance|ECOM_aarb_prd|Individual Nodes|*|JVM|Memory|Heap|Used %
aarb_prd_POD27$Application Infrastructure Performance|ECOM_aarb_prd|Individual Nodes|*|JVM|Memory|Non-Heap|Used %

aarb_prd_POD27$Application Infrastructure Performance|ECOM_aarb_prd|JMX|Web Container Runtime|*|Busy Threads
aarb_prd_POD27$Application Infrastructure Performance|ECOM_aarb_prd|JMX|Web Container Runtime|*|Request Count

aarb_prd_POD27$Application Infrastructure Performance|ECOM_aarb_prd|JVM|Classes|Current Loaded Class Count
aarb_prd_POD27$Application Infrastructure Performance|ECOM_aarb_prd|JVM|Garbage Collection|GC Time Spent Per Min (ms)
aarb_prd_POD27$Application Infrastructure Performance|ECOM_aarb_prd|JVM|Garbage Collection|Memory Pools|CMS Old Gen|Current Usage (MB)
aarb_prd_POD27$Application Infrastructure Performance|ECOM_aarb_prd|JVM|Garbage Collection|Memory Pools|Metaspace|Current Usage (MB)
aarb_prd_POD27$Application Infrastructure Performance|ECOM_aarb_prd|JVM|Memory|Heap|Current Usage (MB)
aarb_prd_POD27$Application Infrastructure Performance|ECOM_aarb_prd|JVM|Memory|Non-Heap|Current Usage (MB)
aarb_prd_POD27$Application Infrastructure Performance|ECOM_aarb_prd|JVM|Threads|Current No. of Threads
aarb_prd_POD27$Application Infrastructure Performance|ECOM_aarb_prd|JVM|Process CPU Usage %

#Backends
aarb_prd_POD27$Backends|Discovered backend call - SVC_AARB1-Oracle DB-CRS04-Oracle Database 11g Enterprise Edition Release 11.2.0.3.0 - 64bit Producti|Average Response Time (ms)
aarb_prd_POD27$Backends|Discovered backend call - SVC_AARB2-Oracle DB-CRS04-Oracle Database 11g Enterprise Edition Release 11.2.0.3.0 - 64bit Producti|Average Response Time (ms)

#Business Transaction
aarb_prd_POD27$Business Transaction Performance|Business Transactions|ECOM_aarb_prd|*|Average Response Time (ms)
aarb_prd_POD27$Business Transaction Performance|Business Transactions|ECOM_aarb_prd|*|Calls per Minute

#Overall Application Performance
aarb_prd_POD27$Overall Application Performance|Average Response Time (ms)
aarb_prd_POD27$Overall Application Performance|Calls per Minute
aarb_prd_POD27$Overall Application Performance|Errors per Minute

aarb_prd_POD27$Overall Application Performance|ECOM_aarb_prd|Individual Nodes|*|Average Response Time (ms)
aarb_prd_POD27$Overall Application Performance|ECOM_aarb_prd|Individual Nodes|*|Errors per Minute
aarb_prd_POD27$Overall Application Performance|ECOM_aarb_prd|Individual Nodes|*|Calls per Minute